Microchip MPLAB XC8 Compiler V2.31

Linker command line:

-W-3 --edf=C:\Program Files\Microchip\xc8\v2.31\pic\dat\en_msgs.txt -cn \
  -h+dist/default/production\Brazo_mecanico.X.production.sym \
  --cmf=dist/default/production\Brazo_mecanico.X.production.cmf -z -Q16F887 \
  -oC:\Users\jpu20\AppData\Local\Temp\sbt4.2 --defsym=__MPLAB_BUILD=1 \
  -Mdist/default/production/Brazo_mecanico.X.production.map -E1 \
  -ver=XC8 Compiler --acfsm=1493 -ASTACK=0110h-016Fh -pstack=STACK \
  -ACODE=00h-07FFhx4 -ASTRCODE=00h-01FFFh -ASTRING=00h-0FFhx32 \
  -ACONST=00h-0FFhx32 -AENTRY=00h-0FFhx32 -ACOMMON=070h-07Fh \
  -ABANK0=020h-06Fh -ABANK1=0A0h-0EFh -ABANK2=0110h-016Fh \
  -ABANK3=0190h-01EFh -ARAM=020h-06Fh,0A0h-0EFh,0110h-016Fh,0190h-01EFh \
  -AABS1=020h-07Fh,0A0h-0EFh,0110h-016Fh,0190h-01EFh -ASFR0=00h-01Fh \
  -ASFR1=080h-09Fh -ASFR2=0100h-010Fh -ASFR3=0180h-018Fh \
  -ACONFIG=02007h-02008h -DCONFIG=2 -AIDLOC=02000h-02003h -DIDLOC=2 \
  -AEEDATA=00h-0FFh/02100h -peeprom_data=EEDATA -DEEDATA=2 -DCODE=2 \
  -DSTRCODE=2 -DSTRING=2 -DCONST=2 -DENTRY=2 \
  -preset_vec=00h,intentry=04h,init,end_init -ppowerup=CODE -pcinit=CODE \
  -pfunctab=ENTRY -k C:\Users\jpu20\AppData\Local\Temp\sbt4.o \
  dist/default/production\Brazo_mecanico.X.production.o 

Object code version is 3.11

Machine type is 16F887



                Name                               Link     Load   Length Selector   Space Scale
C:\Users\jpu20\AppData\Local\Temp\sbt4.o
                end_init                             12       12        3        8       0
                reset_vec                             0        0        3        0       0
                config                             2007     2007        2        0       4
dist/default/production\Brazo_mecanico.X.production.o
                cinit                                15       15       13        8       0
                intentry                              4        4        E        8       0
                config                             2007     2007        2        0       4
                text26                              F30      F30       1D     1E60       0
                text25                              DB2      DB2       11     1B64       0
                text24                              781      781       67        8       0
                text23                              EB3      EB3       19     1D66       0
                text22                              ECC      ECC       19     1D98       0
                text21                              D96      D96        6     1B2C       0
                text20                              D9C      D9C        A     1B38       0
                text19                              F4D      F4D       26     1E9A       0
                text18                              DC3      DC3       13     1B86       0
                text17                              E3E      E3E       17     1C7C       0
                text16                              DFC      DFC       16     1BF8       0
                text15                              EE5      EE5       19     1DCA       0
                text14                              E83      E83       18     1D06       0
                text13                              DD6      DD6       13     1BAC       0
                text12                              E55      E55       17     1CAA       0
                text11                              E12      E12       16     1C24       0
                text10                              EFE      EFE       19     1DFC       0
                text9                               E9B      E9B       18     1D36       0
                text8                               DE9      DE9       13     1BD2       0
                text7                               E6C      E6C       17     1CD8       0
                text6                               E28      E28       16     1C50       0
                text5                               F17      F17       19     1E2E       0
                text4                               7E8      7E8       18        8       0
                text3                                28       28      3DE        8       0
                text2                               406      406      37B        8       0
                text1                               F73      F73       8D     1EE6       0
                maintext                            DA6      DA6        C     1B4C       0
                cstackBANK0                          2D       2D        8       20       1
                cstackCOMMON                         70       70        E       70       1
                bssBANK0                             20       20        D       20       1
                stringtext                          800      800      1DC       10       0
                strings                             9DC      9DC       12     13B8       0

TOTAL           Name                               Link     Load   Length     Space
        CLASS   STACK          

        CLASS   CODE           
                end_init                             12       12        3         0
                cinit                                15       15       13         0
                intentry                              4        4        E         0
                reset_vec                             0        0        3         0
                text26                              F30      F30       1D         0
                text25                              DB2      DB2       11         0
                text24                              781      781       67         0
                text23                              EB3      EB3       19         0
                text22                              ECC      ECC       19         0
                text21                              D96      D96        6         0
                text20                              D9C      D9C        A         0
                text19                              F4D      F4D       26         0
                text18                              DC3      DC3       13         0
                text17                              E3E      E3E       17         0
                text16                              DFC      DFC       16         0
                text15                              EE5      EE5       19         0
                text14                              E83      E83       18         0
                text13                              DD6      DD6       13         0
                text12                              E55      E55       17         0
                text11                              E12      E12       16         0
                text10                              EFE      EFE       19         0
                text9                               E9B      E9B       18         0
                text8                               DE9      DE9       13         0
                text7                               E6C      E6C       17         0
                text6                               E28      E28       16         0
                text5                               F17      F17       19         0
                text4                               7E8      7E8       18         0
                text3                                28       28      3DE         0
                text2                               406      406      37B         0
                text1                               F73      F73       8D         0
                maintext                            DA6      DA6        C         0

        CLASS   STRCODE        
                stringtext                          800      800      1DC         0

        CLASS   STRING         
                strings                             9DC      9DC       12         0

        CLASS   CONST          

        CLASS   ENTRY          

        CLASS   COMMON         
                cstackCOMMON                         70       70        E         1

        CLASS   BANK0          
                cstackBANK0                          2D       2D        8         1
                bssBANK0                             20       20        D         1

        CLASS   BANK1          

        CLASS   BANK2          

        CLASS   BANK3          

        CLASS   RAM            

        CLASS   ABS1           
                abs_s1                               7E       7E        2         1

        CLASS   SFR0           

        CLASS   SFR1           

        CLASS   SFR2           

        CLASS   SFR3           

        CLASS   CONFIG         
                config                             2007     2007        2         4

        CLASS   IDLOC          

        CLASS   EEDATA         



SEGMENTS        Name                           Load    Length   Top    Selector   Space  Class     Delta

                reset_vec                      000000  000003  000003         0       0  CODE        2
                intentry                       000004  0007FC  000800         8       0  CODE        2
                bssBANK0                       000020  000015  000035        20       1  BANK0       1
                cstackCOMMON                   000070  00000E  00007E        70       1  COMMON      1
                stringtext                     000800  0001DC  0009DC        10       0  STRCODE     2
                strings                        0009DC  000012  0009EE      13B8       0  STRING      2
                text21                         000D96  000006  000D9C      1B2C       0  CODE        2
                text20                         000D9C  00000A  000DA6      1B38       0  CODE        2
                maintext                       000DA6  00000C  000DB2      1B4C       0  CODE        2
                text25                         000DB2  000011  000DC3      1B64       0  CODE        2
                text18                         000DC3  000013  000DD6      1B86       0  CODE        2
                text13                         000DD6  000013  000DE9      1BAC       0  CODE        2
                text8                          000DE9  000013  000DFC      1BD2       0  CODE        2
                text16                         000DFC  000016  000E12      1BF8       0  CODE        2
                text11                         000E12  000016  000E28      1C24       0  CODE        2
                text6                          000E28  000016  000E3E      1C50       0  CODE        2
                text17                         000E3E  000017  000E55      1C7C       0  CODE        2
                text12                         000E55  000017  000E6C      1CAA       0  CODE        2
                text7                          000E6C  000017  000E83      1CD8       0  CODE        2
                text14                         000E83  000018  000E9B      1D06       0  CODE        2
                text9                          000E9B  000018  000EB3      1D36       0  CODE        2
                text23                         000EB3  000019  000ECC      1D66       0  CODE        2
                text22                         000ECC  000019  000EE5      1D98       0  CODE        2
                text15                         000EE5  000019  000EFE      1DCA       0  CODE        2
                text10                         000EFE  000019  000F17      1DFC       0  CODE        2
                text5                          000F17  000019  000F30      1E2E       0  CODE        2
                text26                         000F30  00001D  000F4D      1E60       0  CODE        2
                text19                         000F4D  000026  000F73      1E9A       0  CODE        2
                text1                          000F73  00008D  001000      1EE6       0  CODE        2


UNUSED ADDRESS RANGES

        Name                Unused          Largest block    Delta
        BANK0            0035-006F             3B           1
        BANK1            00A0-00EF             50           1
        BANK2            0110-016F             60           1
        BANK3            0190-01EF             60           1
        CODE             0003-0003              1           2
                         09EE-0D95            3A8
                         1000-1FFF            800
        CONST            0003-0003              1           2
                         09EE-0D95            100
                         1000-1FFF            100
        EEDATA           2100-21FF            100           2
        ENTRY            0003-0003              1           2
                         09EE-0D95            100
                         1000-1FFF            100
        IDLOC            2000-2003              4           2
        RAM              0035-006F             3B           1
                         00A0-00EF             50
                         0110-016F             60
                         0190-01EF             60
        SFR0             0000-001F             20           1
        SFR1             0080-009F             20           1
        SFR2             0100-010F             10           1
        SFR3             0180-018F             10           1
        STACK            0110-016F             60           1
        STRCODE          0003-0003              1           2
                         09EE-0D95            3A8
                         1000-1FFF           1000
        STRING           0003-0003              1           2
                         09EE-0D95            100
                         1000-1FFF            100

                                  Symbol Table

?___awdiv                 cstackCOMMON 0070
?_printf                  cstackCOMMON 0071
_ADCON0bits               (abs)        001F
_ADCON1bits               (abs)        009F
_ADIF                     (abs)        0066
_ADRESH                   (abs)        001E
_ANSELH                   (abs)        0189
_ANSELbits                (abs)        0188
_BAUDCTLbits              (abs)        0187
_CCP1CONbits              (abs)        0017
_CCP2CONbits              (abs)        001D
_CCPR1L                   (abs)        0015
_CCPR2L                   (abs)        001B
_EEADR                    (abs)        010D
_EECON1bits               (abs)        018C
_EECON2                   (abs)        018D
_EEDAT                    (abs)        010C
_EEDATA                   (abs)        010C
_INTCONbits               (abs)        000B
_IOCBbits                 (abs)        0096
_OPTION_REGbits           (abs)        0081
_OSCCONbits               (abs)        008F
_PIE1bits                 (abs)        008C
_PIR1bits                 (abs)        000C
_PIR2bits                 (abs)        000D
_PORTA                    (abs)        0005
_PORTB                    (abs)        0006
_PORTC                    (abs)        0007
_PORTD                    (abs)        0008
_PORTE                    (abs)        0009
_PR2                      (abs)        0092
_RB0                      (abs)        0030
_RB1                      (abs)        0031
_RB2                      (abs)        0032
_RB3                      (abs)        0033
_RB4                      (abs)        0034
_RB5                      (abs)        0035
_RB6                      (abs)        0036
_RB7                      (abs)        0037
_RBIF                     (abs)        0058
_RCIF                     (abs)        0065
_RCREG                    (abs)        001A
_RCSTAbits                (abs)        0018
_RD0                      (abs)        0040
_RD1                      (abs)        0041
_RD2                      (abs)        0042
_RE0                      (abs)        0048
_RE1                      (abs)        0049
_RE2                      (abs)        004A
_SPBRG                    (abs)        0099
_SPBRGH                   (abs)        009A
_T2CONbits                (abs)        0012
_TRISAbits                (abs)        0085
_TRISBbits                (abs)        0086
_TRISCbits                (abs)        0087
_TRISDbits                (abs)        0088
_TRISEbits                (abs)        0089
_TXIF                     (abs)        0064
_TXREG                    (abs)        0019
_TXSTAbits                (abs)        0098
_WPUBbits                 (abs)        0095
__Habs1                   abs1         0000
__Hbank0                  bank0        0000
__Hbank1                  bank1        0000
__Hbank2                  bank2        0000
__Hbank3                  bank3        0000
__HbssBANK0               bssBANK0     0000
__Hcinit                  cinit        0028
__Hclrtext                clrtext      0000
__Hcode                   code         0000
__Hcommon                 common       0000
__Hconfig                 config       2009
__HcstackBANK0            cstackBANK0  0000
__HcstackCOMMON           cstackCOMMON 0000
__Heeprom_data            eeprom_data  0000
__Hend_init               end_init     0015
__Hfunctab                functab      0000
__Hinit                   init         0012
__Hintentry               intentry     0012
__Hmaintext               maintext     0000
__Hpowerup                powerup      0000
__Hram                    ram          0000
__Hreset_vec              reset_vec    0003
__Hsfr0                   sfr0         0000
__Hsfr1                   sfr1         0000
__Hsfr2                   sfr2         0000
__Hsfr3                   sfr3         0000
__Hspace_0                (abs)        1000
__Hspace_1                (abs)        007E
__Hspace_2                (abs)        0000
__Hspace_3                (abs)        0000
__Hspace_4                (abs)        4010
__Hstack                  stack        0000
__Hstrings                strings      0000
__Hstringtext             stringtext   0000
__Htext                   text         0000
__Labs1                   abs1         0000
__Lbank0                  bank0        0000
__Lbank1                  bank1        0000
__Lbank2                  bank2        0000
__Lbank3                  bank3        0000
__LbssBANK0               bssBANK0     0000
__Lcinit                  cinit        0015
__Lclrtext                clrtext      0000
__Lcode                   code         0000
__Lcommon                 common       0000
__Lconfig                 config       0000
__LcstackBANK0            cstackBANK0  0000
__LcstackCOMMON           cstackCOMMON 0000
__Leeprom_data            eeprom_data  0000
__Lend_init               end_init     0012
__Lfunctab                functab      0000
__Linit                   init         0012
__Lintentry               intentry     0004
__Lmaintext               maintext     0000
__Lpowerup                powerup      0000
__Lram                    ram          0000
__Lreset_vec              reset_vec    0000
__Lsfr0                   sfr0         0000
__Lsfr1                   sfr1         0000
__Lsfr2                   sfr2         0000
__Lsfr3                   sfr3         0000
__Lspace_0                (abs)        0000
__Lspace_1                (abs)        0000
__Lspace_2                (abs)        0000
__Lspace_3                (abs)        0000
__Lspace_4                (abs)        0000
__Lstack                  stack        0000
__Lstrings                strings      0000
__Lstringtext             stringtext   0000
__Ltext                   text         0000
__S0                      (abs)        1000
__S1                      (abs)        007E
__S2                      (abs)        0000
__S3                      (abs)        0000
___awdiv                  text24       0781
___awdiv@counter          cstackCOMMON 0075
___awdiv@dividend         cstackCOMMON 0072
___awdiv@divisor          cstackCOMMON 0070
___awdiv@quotient         cstackCOMMON 0077
___awdiv@sign             cstackCOMMON 0076
___int_sp                 stack        0000
___latbits                (abs)        0002
___sp                     stack        0000
___stackhi                (abs)        0000
___stacklo                (abs)        0000
__end_of___awdiv          text24       07E8
__end_of__initialization  cinit        0024
__end_of__stringtab       strings      09EE
__end_of_escribir_eeprom  text26       0F4D
__end_of_isr              text2        0781
__end_of_leer_eeprom      text25       0DC3
__end_of_main             maintext     0DB2
__end_of_mensaje          text3        0406
__end_of_motor_1          text23       0ECC
__end_of_motor_2          text22       0EE5
__end_of_motor_detenido   text21       0D9C
__end_of_printf           text19       0F73
__end_of_putch            text20       0DA6
__end_of_servo_1_1        text18       0DD6
__end_of_servo_1_2        text17       0E55
__end_of_servo_1_3        text16       0E12
__end_of_servo_1_4        text15       0EFE
__end_of_servo_1_5        text14       0E9B
__end_of_servo_2_1        text13       0DE9
__end_of_servo_2_2        text12       0E6C
__end_of_servo_2_3        text11       0E28
__end_of_servo_2_4        text10       0F17
__end_of_servo_2_5        text9        0EB3
__end_of_servo_3_1        text8        0DFC
__end_of_servo_3_2        text7        0E83
__end_of_servo_3_3        text6        0E3E
__end_of_servo_3_4        text5        0F30
__end_of_servo_3_5        text4        0800
__end_of_setup            text1        1000
__initialization          cinit        0015
__pbssBANK0               bssBANK0     0020
__pcstackBANK0            cstackBANK0  002D
__pcstackCOMMON           cstackCOMMON 0070
__pintentry               intentry     0004
__pmaintext               maintext     0DA6
__pstrings                strings      09DC
__pstringtext             stringtext   0800
__ptext1                  text1        0F73
__ptext10                 text10       0EFE
__ptext11                 text11       0E12
__ptext12                 text12       0E55
__ptext13                 text13       0DD6
__ptext14                 text14       0E83
__ptext15                 text15       0EE5
__ptext16                 text16       0DFC
__ptext17                 text17       0E3E
__ptext18                 text18       0DC3
__ptext19                 text19       0F4D
__ptext2                  text2        0406
__ptext20                 text20       0D9C
__ptext21                 text21       0D96
__ptext22                 text22       0ECC
__ptext23                 text23       0EB3
__ptext24                 text24       0781
__ptext25                 text25       0DB2
__ptext26                 text26       0F30
__ptext3                  text3        0028
__ptext4                  text4        07E8
__ptext5                  text5        0F17
__ptext6                  text6        0E28
__ptext7                  text7        0E6C
__ptext8                  text8        0DE9
__ptext9                  text9        0E9B
__size_of___awdiv         (abs)        0000
__size_of_escribir_eeprom (abs)        0000
__size_of_isr             (abs)        0000
__size_of_leer_eeprom     (abs)        0000
__size_of_main            (abs)        0000
__size_of_mensaje         (abs)        0000
__size_of_motor_1         (abs)        0000
__size_of_motor_2         (abs)        0000
__size_of_motor_detenido  (abs)        0000
__size_of_printf          (abs)        0000
__size_of_putch           (abs)        0000
__size_of_servo_1_1       (abs)        0000
__size_of_servo_1_2       (abs)        0000
__size_of_servo_1_3       (abs)        0000
__size_of_servo_1_4       (abs)        0000
__size_of_servo_1_5       (abs)        0000
__size_of_servo_2_1       (abs)        0000
__size_of_servo_2_2       (abs)        0000
__size_of_servo_2_3       (abs)        0000
__size_of_servo_2_4       (abs)        0000
__size_of_servo_2_5       (abs)        0000
__size_of_servo_3_1       (abs)        0000
__size_of_servo_3_2       (abs)        0000
__size_of_servo_3_3       (abs)        0000
__size_of_servo_3_4       (abs)        0000
__size_of_servo_3_5       (abs)        0000
__size_of_setup           (abs)        0000
__stringbase              strings      09EE
__stringtab               strings      09DC
_escribir_eeprom          text26       0F30
_estado_motor             bssBANK0     0022
_estado_motor_nuevo       bssBANK0     0021
_isr                      text2        0406
_leer_eeprom              text25       0DB2
_main                     maintext     0DA6
_mensaje                  text3        0028
_motor_1                  text23       0EB3
_motor_2                  text22       0ECC
_motor_detenido           text21       0D96
_pasar_a_uart             bssBANK0     0020
_pot2                     bssBANK0     0028
_pot2_nuevo               bssBANK0     0025
_pot3                     bssBANK0     0027
_pot3_nuevo               bssBANK0     0024
_pot4                     bssBANK0     0026
_pot4_nuevo               bssBANK0     0023
_printf                   text19       0F4D
_putch                    text20       0D9C
_servo_1_1                text18       0DC3
_servo_1_2                text17       0E3E
_servo_1_3                text16       0DFC
_servo_1_4                text15       0EE5
_servo_1_5                text14       0E83
_servo_2_1                text13       0DD6
_servo_2_2                text12       0E55
_servo_2_3                text11       0E12
_servo_2_4                text10       0EFE
_servo_2_5                text9        0E9B
_servo_3_1                text8        0DE9
_servo_3_2                text7        0E6C
_servo_3_3                text6        0E28
_servo_3_4                text5        0F17
_servo_3_5                text4        07E8
_setup                    text1        0F73
btemp                     (abs)        007E
end_of_initialization     cinit        0024
escribir_eeprom@address   cstackCOMMON 0070
escribir_eeprom@data      cstackCOMMON 0071
interrupt_function        intentry     0004
intlevel0                 functab      0000
intlevel1                 functab      0000
intlevel2                 functab      0000
intlevel3                 functab      0000
intlevel4                 functab      0000
intlevel5                 functab      0000
leer_eeprom@address       cstackCOMMON 0071
leer_eeprom@data          cstackCOMMON 0072
printf@ap                 cstackCOMMON 0076
printf@c                  cstackCOMMON 0077
printf@f                  cstackCOMMON 0071
putch@dato                cstackCOMMON 0070
reset_vec                 reset_vec    0000
saved_w                   (abs)        007E
start                     init         0012
start_initialization      cinit        0015
wtemp0                    (abs)        007E


FUNCTION INFORMATION:

 *************** function _main *****************
 Defined at:
		line 283 in file "main_brazo.c"
 Parameters:    Size  Location     Type
		None
 Auto vars:     Size  Location     Type
		None
 Return value:  Size  Location     Type
                  1    wreg      void 
 Registers used:
		wreg, status,2, status,0, pclath, cstack
 Tracked objects:
		On entry : 
		On exit  : 
		Unchanged: 
 Data sizes:     COMMON   BANK0   BANK1   BANK3   BANK2
      Params:         0       0       0       0       0
      Locals:         0       0       0       0       0
      Temps:          0       0       0       0       0
      Totals:         0       0       0       0       0
Total ram usage:        0 bytes
 Hardware stack levels required when called:    5
 This function calls:
		_setup
 This function is called by:
		Startup code after reset
 This function uses a non-reentrant model


 *************** function _setup *****************
 Defined at:
		line 606 in file "main_brazo.c"
 Parameters:    Size  Location     Type
		None
 Auto vars:     Size  Location     Type
		None
 Return value:  Size  Location     Type
                  1    wreg      void 
 Registers used:
		wreg, status,2, status,0
 Tracked objects:
		On entry : 
		On exit  : 
		Unchanged: 
 Data sizes:     COMMON   BANK0   BANK1   BANK3   BANK2
      Params:         0       0       0       0       0
      Locals:         0       0       0       0       0
      Temps:          0       1       0       0       0
      Totals:         0       1       0       0       0
Total ram usage:        1 bytes
 Hardware stack levels used:    1
 Hardware stack levels required when called:    4
 This function calls:
		Nothing
 This function is called by:
		_main
 This function uses a non-reentrant model


 *************** function _isr *****************
 Defined at:
		line 87 in file "main_brazo.c"
 Parameters:    Size  Location     Type
		None
 Auto vars:     Size  Location     Type
		None
 Return value:  Size  Location     Type
                  1    wreg      void 
 Registers used:
		wreg, fsr0l, fsr0h, status,2, status,0, btemp+1, pclath, cstack
 Tracked objects:
		On entry : 
		On exit  : 
		Unchanged: 
 Data sizes:     COMMON   BANK0   BANK1   BANK3   BANK2
      Params:         0       0       0       0       0
      Locals:         0       0       0       0       0
      Temps:          0       7       0       0       0
      Totals:         0       7       0       0       0
Total ram usage:        7 bytes
 Hardware stack levels used:    1
 Hardware stack levels required when called:    3
 This function calls:
		_escribir_eeprom
		_leer_eeprom
		_mensaje
		_motor_1
		_motor_2
		_motor_detenido
		_servo_1_1
		_servo_1_2
		_servo_1_3
		_servo_1_4
		_servo_1_5
		_servo_2_1
		_servo_2_2
		_servo_2_3
		_servo_2_4
		_servo_2_5
		_servo_3_1
		_servo_3_2
		_servo_3_3
		_servo_3_4
		_servo_3_5
 This function is called by:
		Interrupt level 1
 This function uses a non-reentrant model


 *************** function _mensaje *****************
 Defined at:
		line 454 in file "main_brazo.c"
 Parameters:    Size  Location     Type
		None
 Auto vars:     Size  Location     Type
		None
 Return value:  Size  Location     Type
                  1    wreg      void 
 Registers used:
		wreg, fsr0l, fsr0h, status,2, status,0, btemp+1, pclath, cstack
 Tracked objects:
		On entry : 
		On exit  : 
		Unchanged: 
 Data sizes:     COMMON   BANK0   BANK1   BANK3   BANK2
      Params:         0       0       0       0       0
      Locals:         0       0       0       0       0
      Temps:          3       0       0       0       0
      Totals:         3       0       0       0       0
Total ram usage:        3 bytes
 Hardware stack levels used:    1
 Hardware stack levels required when called:    2
 This function calls:
		_motor_1
		_motor_2
		_motor_detenido
		_printf
		_servo_1_1
		_servo_1_2
		_servo_1_3
		_servo_1_4
		_servo_1_5
		_servo_2_1
		_servo_2_2
		_servo_2_3
		_servo_2_4
		_servo_2_5
		_servo_3_1
		_servo_3_2
		_servo_3_3
		_servo_3_4
		_servo_3_5
 This function is called by:
		_isr
 This function uses a non-reentrant model


 *************** function _servo_3_5 *****************
 Defined at:
		line 423 in file "main_brazo.c"
 Parameters:    Size  Location     Type
		None
 Auto vars:     Size  Location     Type
		None
 Return value:  Size  Location     Type
                  1    wreg      void 
 Registers used:
		wreg
 Tracked objects:
		On entry : 
		On exit  : 
		Unchanged: 
 Data sizes:     COMMON   BANK0   BANK1   BANK3   BANK2
      Params:         0       0       0       0       0
      Locals:         0       0       0       0       0
      Temps:          2       0       0       0       0
      Totals:         2       0       0       0       0
Total ram usage:        2 bytes
 Hardware stack levels used:    1
 This function calls:
		Nothing
 This function is called by:
		_isr
		_mensaje
 This function uses a non-reentrant model


 *************** function _servo_3_4 *****************
 Defined at:
		line 416 in file "main_brazo.c"
 Parameters:    Size  Location     Type
		None
 Auto vars:     Size  Location     Type
		None
 Return value:  Size  Location     Type
                  1    wreg      void 
 Registers used:
		wreg
 Tracked objects:
		On entry : 
		On exit  : 
		Unchanged: 
 Data sizes:     COMMON   BANK0   BANK1   BANK3   BANK2
      Params:         0       0       0       0       0
      Locals:         0       0       0       0       0
      Temps:          2       0       0       0       0
      Totals:         2       0       0       0       0
Total ram usage:        2 bytes
 Hardware stack levels used:    1
 This function calls:
		Nothing
 This function is called by:
		_isr
		_mensaje
 This function uses a non-reentrant model


 *************** function _servo_3_3 *****************
 Defined at:
		line 409 in file "main_brazo.c"
 Parameters:    Size  Location     Type
		None
 Auto vars:     Size  Location     Type
		None
 Return value:  Size  Location     Type
                  1    wreg      void 
 Registers used:
		wreg
 Tracked objects:
		On entry : 
		On exit  : 
		Unchanged: 
 Data sizes:     COMMON   BANK0   BANK1   BANK3   BANK2
      Params:         0       0       0       0       0
      Locals:         0       0       0       0       0
      Temps:          2       0       0       0       0
      Totals:         2       0       0       0       0
Total ram usage:        2 bytes
 Hardware stack levels used:    1
 This function calls:
		Nothing
 This function is called by:
		_isr
		_mensaje
 This function uses a non-reentrant model


 *************** function _servo_3_2 *****************
 Defined at:
		line 402 in file "main_brazo.c"
 Parameters:    Size  Location     Type
		None
 Auto vars:     Size  Location     Type
		None
 Return value:  Size  Location     Type
                  1    wreg      void 
 Registers used:
		wreg
 Tracked objects:
		On entry : 
		On exit  : 
		Unchanged: 
 Data sizes:     COMMON   BANK0   BANK1   BANK3   BANK2
      Params:         0       0       0       0       0
      Locals:         0       0       0       0       0
      Temps:          2       0       0       0       0
      Totals:         2       0       0       0       0
Total ram usage:        2 bytes
 Hardware stack levels used:    1
 This function calls:
		Nothing
 This function is called by:
		_isr
		_mensaje
 This function uses a non-reentrant model


 *************** function _servo_3_1 *****************
 Defined at:
		line 395 in file "main_brazo.c"
 Parameters:    Size  Location     Type
		None
 Auto vars:     Size  Location     Type
		None
 Return value:  Size  Location     Type
                  1    wreg      void 
 Registers used:
		wreg
 Tracked objects:
		On entry : 
		On exit  : 
		Unchanged: 
 Data sizes:     COMMON   BANK0   BANK1   BANK3   BANK2
      Params:         0       0       0       0       0
      Locals:         0       0       0       0       0
      Temps:          2       0       0       0       0
      Totals:         2       0       0       0       0
Total ram usage:        2 bytes
 Hardware stack levels used:    1
 This function calls:
		Nothing
 This function is called by:
		_isr
		_mensaje
 This function uses a non-reentrant model


 *************** function _servo_2_5 *****************
 Defined at:
		line 388 in file "main_brazo.c"
 Parameters:    Size  Location     Type
		None
 Auto vars:     Size  Location     Type
		None
 Return value:  Size  Location     Type
                  1    wreg      void 
 Registers used:
		wreg
 Tracked objects:
		On entry : 
		On exit  : 
		Unchanged: 
 Data sizes:     COMMON   BANK0   BANK1   BANK3   BANK2
      Params:         0       0       0       0       0
      Locals:         0       0       0       0       0
      Temps:          2       0       0       0       0
      Totals:         2       0       0       0       0
Total ram usage:        2 bytes
 Hardware stack levels used:    1
 This function calls:
		Nothing
 This function is called by:
		_isr
		_mensaje
 This function uses a non-reentrant model


 *************** function _servo_2_4 *****************
 Defined at:
		line 381 in file "main_brazo.c"
 Parameters:    Size  Location     Type
		None
 Auto vars:     Size  Location     Type
		None
 Return value:  Size  Location     Type
                  1    wreg      void 
 Registers used:
		wreg
 Tracked objects:
		On entry : 
		On exit  : 
		Unchanged: 
 Data sizes:     COMMON   BANK0   BANK1   BANK3   BANK2
      Params:         0       0       0       0       0
      Locals:         0       0       0       0       0
      Temps:          2       0       0       0       0
      Totals:         2       0       0       0       0
Total ram usage:        2 bytes
 Hardware stack levels used:    1
 This function calls:
		Nothing
 This function is called by:
		_isr
		_mensaje
 This function uses a non-reentrant model


 *************** function _servo_2_3 *****************
 Defined at:
		line 374 in file "main_brazo.c"
 Parameters:    Size  Location     Type
		None
 Auto vars:     Size  Location     Type
		None
 Return value:  Size  Location     Type
                  1    wreg      void 
 Registers used:
		wreg
 Tracked objects:
		On entry : 
		On exit  : 
		Unchanged: 
 Data sizes:     COMMON   BANK0   BANK1   BANK3   BANK2
      Params:         0       0       0       0       0
      Locals:         0       0       0       0       0
      Temps:          2       0       0       0       0
      Totals:         2       0       0       0       0
Total ram usage:        2 bytes
 Hardware stack levels used:    1
 This function calls:
		Nothing
 This function is called by:
		_isr
		_mensaje
 This function uses a non-reentrant model


 *************** function _servo_2_2 *****************
 Defined at:
		line 367 in file "main_brazo.c"
 Parameters:    Size  Location     Type
		None
 Auto vars:     Size  Location     Type
		None
 Return value:  Size  Location     Type
                  1    wreg      void 
 Registers used:
		wreg
 Tracked objects:
		On entry : 
		On exit  : 
		Unchanged: 
 Data sizes:     COMMON   BANK0   BANK1   BANK3   BANK2
      Params:         0       0       0       0       0
      Locals:         0       0       0       0       0
      Temps:          2       0       0       0       0
      Totals:         2       0       0       0       0
Total ram usage:        2 bytes
 Hardware stack levels used:    1
 This function calls:
		Nothing
 This function is called by:
		_isr
		_mensaje
 This function uses a non-reentrant model


 *************** function _servo_2_1 *****************
 Defined at:
		line 360 in file "main_brazo.c"
 Parameters:    Size  Location     Type
		None
 Auto vars:     Size  Location     Type
		None
 Return value:  Size  Location     Type
                  1    wreg      void 
 Registers used:
		wreg
 Tracked objects:
		On entry : 
		On exit  : 
		Unchanged: 
 Data sizes:     COMMON   BANK0   BANK1   BANK3   BANK2
      Params:         0       0       0       0       0
      Locals:         0       0       0       0       0
      Temps:          2       0       0       0       0
      Totals:         2       0       0       0       0
Total ram usage:        2 bytes
 Hardware stack levels used:    1
 This function calls:
		Nothing
 This function is called by:
		_isr
		_mensaje
 This function uses a non-reentrant model


 *************** function _servo_1_5 *****************
 Defined at:
		line 353 in file "main_brazo.c"
 Parameters:    Size  Location     Type
		None
 Auto vars:     Size  Location     Type
		None
 Return value:  Size  Location     Type
                  1    wreg      void 
 Registers used:
		wreg
 Tracked objects:
		On entry : 
		On exit  : 
		Unchanged: 
 Data sizes:     COMMON   BANK0   BANK1   BANK3   BANK2
      Params:         0       0       0       0       0
      Locals:         0       0       0       0       0
      Temps:          2       0       0       0       0
      Totals:         2       0       0       0       0
Total ram usage:        2 bytes
 Hardware stack levels used:    1
 This function calls:
		Nothing
 This function is called by:
		_isr
		_mensaje
 This function uses a non-reentrant model


 *************** function _servo_1_4 *****************
 Defined at:
		line 346 in file "main_brazo.c"
 Parameters:    Size  Location     Type
		None
 Auto vars:     Size  Location     Type
		None
 Return value:  Size  Location     Type
                  1    wreg      void 
 Registers used:
		wreg
 Tracked objects:
		On entry : 
		On exit  : 
		Unchanged: 
 Data sizes:     COMMON   BANK0   BANK1   BANK3   BANK2
      Params:         0       0       0       0       0
      Locals:         0       0       0       0       0
      Temps:          2       0       0       0       0
      Totals:         2       0       0       0       0
Total ram usage:        2 bytes
 Hardware stack levels used:    1
 This function calls:
		Nothing
 This function is called by:
		_isr
		_mensaje
 This function uses a non-reentrant model


 *************** function _servo_1_3 *****************
 Defined at:
		line 339 in file "main_brazo.c"
 Parameters:    Size  Location     Type
		None
 Auto vars:     Size  Location     Type
		None
 Return value:  Size  Location     Type
                  1    wreg      void 
 Registers used:
		wreg
 Tracked objects:
		On entry : 
		On exit  : 
		Unchanged: 
 Data sizes:     COMMON   BANK0   BANK1   BANK3   BANK2
      Params:         0       0       0       0       0
      Locals:         0       0       0       0       0
      Temps:          2       0       0       0       0
      Totals:         2       0       0       0       0
Total ram usage:        2 bytes
 Hardware stack levels used:    1
 This function calls:
		Nothing
 This function is called by:
		_isr
		_mensaje
 This function uses a non-reentrant model


 *************** function _servo_1_2 *****************
 Defined at:
		line 332 in file "main_brazo.c"
 Parameters:    Size  Location     Type
		None
 Auto vars:     Size  Location     Type
		None
 Return value:  Size  Location     Type
                  1    wreg      void 
 Registers used:
		wreg
 Tracked objects:
		On entry : 
		On exit  : 
		Unchanged: 
 Data sizes:     COMMON   BANK0   BANK1   BANK3   BANK2
      Params:         0       0       0       0       0
      Locals:         0       0       0       0       0
      Temps:          2       0       0       0       0
      Totals:         2       0       0       0       0
Total ram usage:        2 bytes
 Hardware stack levels used:    1
 This function calls:
		Nothing
 This function is called by:
		_isr
		_mensaje
 This function uses a non-reentrant model


 *************** function _servo_1_1 *****************
 Defined at:
		line 325 in file "main_brazo.c"
 Parameters:    Size  Location     Type
		None
 Auto vars:     Size  Location     Type
		None
 Return value:  Size  Location     Type
                  1    wreg      void 
 Registers used:
		wreg
 Tracked objects:
		On entry : 
		On exit  : 
		Unchanged: 
 Data sizes:     COMMON   BANK0   BANK1   BANK3   BANK2
      Params:         0       0       0       0       0
      Locals:         0       0       0       0       0
      Temps:          2       0       0       0       0
      Totals:         2       0       0       0       0
Total ram usage:        2 bytes
 Hardware stack levels used:    1
 This function calls:
		Nothing
 This function is called by:
		_isr
		_mensaje
 This function uses a non-reentrant model


 *************** function _printf *****************
 Defined at:
		line 477 in file "C:\Program Files\Microchip\xc8\v2.31\pic\sources\c90\common\doprnt.c"
 Parameters:    Size  Location     Type
  f               2    1[COMMON] PTR const unsigned char 
		 -> STR_31(37), STR_30(13), STR_29(15), STR_28(13), 
		 -> STR_27(38), STR_26(9), STR_25(9), STR_24(8), 
		 -> STR_23(10), STR_22(10), STR_21(55), STR_20(9), 
		 -> STR_19(9), STR_18(8), STR_17(10), STR_16(10), 
		 -> STR_15(55), STR_14(9), STR_13(9), STR_12(8), 
		 -> STR_11(10), STR_10(10), STR_9(55), STR_8(13), 
		 -> STR_7(13), STR_6(13), STR_5(35), STR_4(26), 
		 -> STR_3(18), STR_2(19), STR_1(30), 
 Auto vars:     Size  Location     Type
  tmpval          4    0        struct .
  cp              2    0        PTR const unsigned char 
  len             2    0        unsigned int 
  val             2    0        unsigned int 
  c               1    7[COMMON] unsigned char 
  ap              1    6[COMMON] PTR void [1]
		 -> ?_printf(2), 
  flag            1    0        unsigned char 
  prec            1    0        char 
 Return value:  Size  Location     Type
                  2    1[COMMON] int 
 Registers used:
		wreg, fsr0l, fsr0h, status,2, status,0, btemp+1, pclath, cstack
 Tracked objects:
		On entry : 
		On exit  : 
		Unchanged: 
 Data sizes:     COMMON   BANK0   BANK1   BANK3   BANK2
      Params:         2       0       0       0       0
      Locals:         2       0       0       0       0
      Temps:          3       0       0       0       0
      Totals:         7       0       0       0       0
Total ram usage:        7 bytes
 Hardware stack levels used:    1
 Hardware stack levels required when called:    1
 This function calls:
		_putch
 This function is called by:
		_mensaje
 This function uses a non-reentrant model


 *************** function _putch *****************
 Defined at:
		line 448 in file "main_brazo.c"
 Parameters:    Size  Location     Type
  dato            1    wreg     unsigned char 
 Auto vars:     Size  Location     Type
  dato            1    0[COMMON] unsigned char 
 Return value:  Size  Location     Type
                  1    wreg      void 
 Registers used:
		wreg
 Tracked objects:
		On entry : 
		On exit  : 
		Unchanged: 
 Data sizes:     COMMON   BANK0   BANK1   BANK3   BANK2
      Params:         0       0       0       0       0
      Locals:         1       0       0       0       0
      Temps:          0       0       0       0       0
      Totals:         1       0       0       0       0
Total ram usage:        1 bytes
 Hardware stack levels used:    1
 This function calls:
		Nothing
 This function is called by:
		_printf
 This function uses a non-reentrant model


 *************** function _motor_detenido *****************
 Defined at:
		line 430 in file "main_brazo.c"
 Parameters:    Size  Location     Type
		None
 Auto vars:     Size  Location     Type
		None
 Return value:  Size  Location     Type
                  1    wreg      void 
 Registers used:
		status,2
 Tracked objects:
		On entry : 
		On exit  : 
		Unchanged: 
 Data sizes:     COMMON   BANK0   BANK1   BANK3   BANK2
      Params:         0       0       0       0       0
      Locals:         0       0       0       0       0
      Temps:          0       0       0       0       0
      Totals:         0       0       0       0       0
Total ram usage:        0 bytes
 Hardware stack levels used:    1
 This function calls:
		Nothing
 This function is called by:
		_isr
		_mensaje
 This function uses a non-reentrant model


 *************** function _motor_2 *****************
 Defined at:
		line 442 in file "main_brazo.c"
 Parameters:    Size  Location     Type
		None
 Auto vars:     Size  Location     Type
		None
 Return value:  Size  Location     Type
                  1    wreg      void 
 Registers used:
		wreg, status,2, status,0, pclath, cstack
 Tracked objects:
		On entry : 
		On exit  : 
		Unchanged: 
 Data sizes:     COMMON   BANK0   BANK1   BANK3   BANK2
      Params:         0       0       0       0       0
      Locals:         0       0       0       0       0
      Temps:          2       0       0       0       0
      Totals:         2       0       0       0       0
Total ram usage:        2 bytes
 Hardware stack levels used:    1
 Hardware stack levels required when called:    1
 This function calls:
		___awdiv
 This function is called by:
		_isr
		_mensaje
 This function uses a non-reentrant model


 *************** function _motor_1 *****************
 Defined at:
		line 436 in file "main_brazo.c"
 Parameters:    Size  Location     Type
		None
 Auto vars:     Size  Location     Type
		None
 Return value:  Size  Location     Type
                  1    wreg      void 
 Registers used:
		wreg, status,2, status,0, pclath, cstack
 Tracked objects:
		On entry : 
		On exit  : 
		Unchanged: 
 Data sizes:     COMMON   BANK0   BANK1   BANK3   BANK2
      Params:         0       0       0       0       0
      Locals:         0       0       0       0       0
      Temps:          2       0       0       0       0
      Totals:         2       0       0       0       0
Total ram usage:        2 bytes
 Hardware stack levels used:    1
 Hardware stack levels required when called:    1
 This function calls:
		___awdiv
 This function is called by:
		_isr
		_mensaje
 This function uses a non-reentrant model


 *************** function ___awdiv *****************
 Defined at:
		line 5 in file "C:\Program Files\Microchip\xc8\v2.31\pic\sources\c90\common\awdiv.c"
 Parameters:    Size  Location     Type
  divisor         2    0[COMMON] int 
  dividend        2    2[COMMON] int 
 Auto vars:     Size  Location     Type
  quotient        2    7[COMMON] int 
  sign            1    6[COMMON] unsigned char 
  counter         1    5[COMMON] unsigned char 
 Return value:  Size  Location     Type
                  2    0[COMMON] int 
 Registers used:
		wreg, status,2, status,0
 Tracked objects:
		On entry : 
		On exit  : 
		Unchanged: 
 Data sizes:     COMMON   BANK0   BANK1   BANK3   BANK2
      Params:         4       0       0       0       0
      Locals:         4       0       0       0       0
      Temps:          1       0       0       0       0
      Totals:         9       0       0       0       0
Total ram usage:        9 bytes
 Hardware stack levels used:    1
 This function calls:
		Nothing
 This function is called by:
		_motor_1
		_motor_2
 This function uses a non-reentrant model


 *************** function _leer_eeprom *****************
 Defined at:
		line 317 in file "main_brazo.c"
 Parameters:    Size  Location     Type
  address         1    wreg     unsigned char 
 Auto vars:     Size  Location     Type
  address         1    1[COMMON] unsigned char 
  data            1    2[COMMON] unsigned char 
 Return value:  Size  Location     Type
                  1    wreg      unsigned char 
 Registers used:
		wreg
 Tracked objects:
		On entry : 
		On exit  : 
		Unchanged: 
 Data sizes:     COMMON   BANK0   BANK1   BANK3   BANK2
      Params:         0       0       0       0       0
      Locals:         2       0       0       0       0
      Temps:          1       0       0       0       0
      Totals:         3       0       0       0       0
Total ram usage:        3 bytes
 Hardware stack levels used:    1
 This function calls:
		Nothing
 This function is called by:
		_isr
 This function uses a non-reentrant model


 *************** function _escribir_eeprom *****************
 Defined at:
		line 295 in file "main_brazo.c"
 Parameters:    Size  Location     Type
  data            1    wreg     unsigned char 
  address         1    0[COMMON] unsigned char 
 Auto vars:     Size  Location     Type
  data            1    1[COMMON] unsigned char 
 Return value:  Size  Location     Type
                  1    wreg      void 
 Registers used:
		wreg
 Tracked objects:
		On entry : 
		On exit  : 
		Unchanged: 
 Data sizes:     COMMON   BANK0   BANK1   BANK3   BANK2
      Params:         1       0       0       0       0
      Locals:         1       0       0       0       0
      Temps:          0       0       0       0       0
      Totals:         2       0       0       0       0
Total ram usage:        2 bytes
 Hardware stack levels used:    1
 This function calls:
		Nothing
 This function is called by:
		_isr
 This function uses a non-reentrant model



MODULE INFORMATION

Module		Function		Class		Link	Load	Size
C:\Program Files\Microchip\xc8\v2.31\pic\sources\c90\common\doprnt.c
		_printf        		CODE           	0F4D	0000	38

C:\Program Files\Microchip\xc8\v2.31\pic\sources\c90\common\doprnt.c estimated size: 38

main_brazo.c
		_servo_1_1     		CODE           	0DC3	0000	19
		_servo_1_2     		CODE           	0E3E	0000	23
		_servo_1_3     		CODE           	0DFC	0000	22
		_servo_1_4     		CODE           	0EE5	0000	25
		_servo_1_5     		CODE           	0E83	0000	24
		_leer_eeprom   		CODE           	0DB2	0000	17
		_motor_1       		CODE           	0EB3	0000	25
		_putch         		CODE           	0D9C	0000	10
		_escribir_eeprom		CODE           	0F30	0000	29
		_main          		CODE           	0DA6	0000	12
		_servo_3_1     		CODE           	0DE9	0000	19
		_servo_3_2     		CODE           	0E6C	0000	23
		_servo_3_3     		CODE           	0E28	0000	22
		_servo_3_4     		CODE           	0F17	0000	25
		_servo_3_5     		CODE           	07E8	0000	24
		_motor_detenido		CODE           	0D96	0000	6
		_isr           		CODE           	0406	0000	891
		_mensaje       		CODE           	0028	0000	990
		_servo_2_1     		CODE           	0DD6	0000	19
		_servo_2_2     		CODE           	0E55	0000	23
		_servo_2_3     		CODE           	0E12	0000	22
		_servo_2_4     		CODE           	0EFE	0000	25
		_servo_2_5     		CODE           	0E9B	0000	24
		_setup         		CODE           	0F73	0000	141
		_motor_2       		CODE           	0ECC	0000	25

main_brazo.c estimated size: 2485

C:\Program Files\Microchip\xc8\v2.31\pic\sources\c90\common\awdiv.c
		___awdiv       		CODE           	0781	0000	103

C:\Program Files\Microchip\xc8\v2.31\pic\sources\c90\common\awdiv.c estimated size: 103

shared
		__stringtab    		STRING         	09DC	0000	18
		__initialization		CODE           	0015	0000	15

shared estimated size: 33

